// Jest Snapshot v1, https://goo.gl/fbAQLP

exports[`<Header /> component match snapshot 1`] = `ShallowWrapper {}`;
